igogohka1338@igogohka1338:~$ sudo apt-get update
Пол:1 https://download.astralinux.ru/astra/stable/orel/repository orel InRelease [13,2 kB]
Пол:2 https://download.astralinux.ru/astra/stable/orel/repository orel/main i386 Packages [490 kB]
Пол:3 https://download.astralinux.ru/astra/stable/orel/repository orel/main amd64 Packages [4 070 kB]
Пол:4 https://download.astralinux.ru/astra/stable/orel/repository orel/contrib i386 Packages [1 174 B]
Пол:5 https://download.astralinux.ru/astra/stable/orel/repository orel/contrib amd64 Packages [4 459 B]
Пол:6 https://download.astralinux.ru/astra/stable/orel/repository orel/non-free amd64 Packages [88,5 kB]
Пол:7 https://download.astralinux.ru/astra/stable/orel/repository orel/non-free i386 Packages [4 564 B]
Получено 4 672 kБ за 4с (972 kБ/c)     
Чтение списков пакетов… Готово
igogohka1338@igogohka1338:~$ sudo apt-get install <package_name>
bash: синтаксическая ошибка рядом с неожиданным маркером «newline»
igogohka1338@igogohka1338:~$ sudo apt-get install <package_name>
bash: синтаксическая ошибка рядом с неожиданным маркером «newline»
igogohka1338@igogohka1338:~$ sudo apt-get install -y python-minimal
Чтение списков пакетов… Готово
Построение дерева зависимостей       
Чтение информации о состоянии… Готово
Уже установлен пакет python-minimal самой новой версии (2.7.13-2).
python-minimal установлен вручную.
обновлено 0, установлено 0 новых пакетов, для удаления отмечено 0 пакетов, и 0 пакетов не обновлено.
igogohka1338@igogohka1338:~$ lsb_release -a
No LSB modules are available.
Distributor ID: AstraLinuxCE
Description:    Astra Linux CE 2.12.45 (Orel)
Release:        2.12.45
Codename:       orel
igogohka1338@igogohka1338:~$ wget -0 - https://repo.saltstack.com/apt/ubuntu/18.04/amd64/latest/SALTSTACK-GPG-KEY.pub | sudo apt-key add -
wget: неверный ключ — «0»
Использование: wget [ПАРАМЕТР]... [URL]...

Дополнительные параметры выводятся по команде «wget --help».
gpg: не найдено данных формата OpenPGP.
igogohka1338@igogohka1338:~$ wget -0 - https://repo.saltstack.com/apt/ubuntu/2.12.45/amd64/latest/SALTSTACK-GPG-KEY.pub | sudo apt-key add -     
wget: неверный ключ — «0»
Использование: wget [ПАРАМЕТР]... [URL]...

Дополнительные параметры выводятся по команде «wget --help».
gpg: не найдено данных формата OpenPGP.
igogohka1338@igogohka1338:~$ sudo apt-get install -y salt-minion
Чтение списков пакетов… Готово
Построение дерева зависимостей       
Чтение информации о состоянии… Готово
Будут установлены следующие дополнительные пакеты:
  dctrl-tools libjs-jquery libjs-sphinxdoc libyaml-0-2 python-asn1crypto python-backports-abc python-certifi python-cffi-backend python-chardet python-concurrent.futures
  python-cryptography python-dateutil python-enum34 python-idna python-ipaddress python-jinja2 python-markupsafe python-msgpack python-openssl python-pkg-resources python-requests
  python-singledispatch python-six python-systemd python-tornado python-urllib3 python-yaml python-zmq salt-common
Предлагаемые пакеты:
  debtags python-cryptography-doc python-cryptography-vectors python-enum34-doc python-jinja2-doc python-openssl-doc python-openssl-dbg python-setuptools python-idna python-socks
  python-mysqldb python-pycurl python-tornado-doc python-twisted python-ntlm python-mako salt-doc python-augeas
Рекомендуемые пакеты:
  javascript-common python-croniter
НОВЫЕ пакеты, которые будут установлены:
  dctrl-tools libjs-jquery libjs-sphinxdoc libyaml-0-2 python-asn1crypto python-backports-abc python-certifi python-cffi-backend python-chardet python-concurrent.futures
  python-cryptography python-dateutil python-enum34 python-idna python-ipaddress python-jinja2 python-markupsafe python-msgpack python-openssl python-pkg-resources python-requests
  python-singledispatch python-six python-systemd python-tornado python-urllib3 python-yaml python-zmq salt-common salt-minion
обновлено 0, установлено 30 новых пакетов, для удаления отмечено 0 пакетов, и 0 пакетов не обновлено.
Необходимо скачать 6 691 kБ архивов.
После данной операции, объём занятого дискового пространства возрастёт на 32,0 MB.
Пол:1 h
Пол:14 https://download.astralinux.ru/astra/stable/orel/repository orel/main amd64 python-ipaddress all 1.0.17-1 [18,1 kB]
Пол:15 https://download.astralinux.ru/astra/stable/orel/repository orel/main amd64 python-six all 1.10.0-3 [14,3 kB]
Пол:16 https://download.astralinux.ru/astra/stable/orel/repository orel/main amd64 python-cryptography amd64 2.3-1~bpo9+1 [214 kB]
Пол:17 https://download.astralinux.ru/astra/stable/orel/repository orel/main amd64 python-dateutil all 2.5.3-2 [51,4 kB]
Пол:18 https://download.astralinux.ru/astra/stable/orel/repository orel/main amd64 python-markupsafe amd64 0.23-3 [14,4 kB]
Пол:19 https://download.astralinux.ru/astra/stable/orel/repository orel/main amd64 python-jinja2 all 2.8-1 [106 kB]
Пол:20 https://download.astralinux.ru/astra/stable/orel/repository orel/main amd64 python-msgpack amd64 0.4.8-1 [68,6 kB]
Пол:21 https://download.astralinux.ru/astra/stable/orel/repository orel/main amd64 python-openssl all 16.2.0-1 [43,7 kB]
Пол:22 https://download.astralinux.ru/astra/stable/orel/repository orel/main amd64 python-urllib3 all 1.24.1-1~bpo9+1 [97,0 kB]
Пол:23 https://download.astralinux.ru/astra/stable/orel/repository orel/main amd64 python-requests all 2.21.0-1~bpo9+1 [67,1 kB]
Пол:24 https://download.astralinux.ru/astra/stable/orel/repository orel/main amd64 python-singledispatch all 3.4.0.3-2 [9 672 B]
Пол:25 https://download.astralinux.ru/astra/stable/orel/repository orel/main amd64 python-systemd amd64 233-1 [32,7 kB]
Пол:26 https://download.astralinux.ru/astra/stable/orel/repository orel/main amd64 python-tornado amd64 4.4.3-1 [313 kB]
Пол:27 https://download.astralinux.ru/astra/stable/orel/repository orel/main amd64 python-yaml amd64 3.12-1 [123 kB]
Пол:28 https://download.astralinux.ru/astra/stable/orel/repository orel/main amd64 python-zmq amd64 16.0.2-2 [243 kB]
Пол:29 https://download.astralinux.ru/astra/stable/orel/repository orel/main amd64 salt-common all 2016.11.2+ds-1+deb9u10.1 [4 165 kB]                                                     
Пол:30 https://download.astralinux.ru/astra/stable/orel/repository orel/main amd64 salt-minion all 2016.11.2+ds-1+deb9u10.1 [36,4 kB]                                                      
Получено 6 691 kБ за 8с (744 kБ/c)                                                                                                                                                         
Выбор ранее не выбранного пакета dctrl-tools.
(Чтение базы данных … на данный момент установлен 168261 файл и каталог.)
Подготовка к распаковке …/00-dctrl-tools_2.24-2_amd64.deb …
Распаковывается dctrl-tools (2.24-2) …
Выбор ранее не выбранного пакета libjs-jquery.
Подготовка к распаковке …/01-libjs-jquery_3.1.1-2+deb9u2_all.deb …
Распаковывается libjs-jquery (3.1.1-2+deb9u2) …
Выбор ранее не выбранного пакета libjs-sphinxdoc.
Подготовка к распаковке …/02-libjs-sphinxdoc_1.7.9-1~bpo9+1_all.deb …
Распаковывается libjs-sphinxdoc (1.7.9-1~bpo9+1) …
Выбор ранее не выбранного пакета libyaml-0-2:amd64.
Подготовка к распаковке …/03-libyaml-0-2_0.1.7-2_amd64.deb …
Распаковывается libyaml-0-2:amd64 (0.1.7-2) …
Выбор ранее не выбранного пакета python-asn1crypto.
Подготовка к распаковке …/04-python-asn1crypto_0.24.0-1~bpo9+1_all.deb …
Распаковывается python-asn1crypto (0.24.0-1~bpo9+1) …
Выбор ранее не выбранного пакета python-backports-abc.
Подготовка к распаковке …/05-python-backports-abc_0.5-1_all.deb …
Распаковывается python-backports-abc (0.5-1) …
Выбор ранее не выбранного пакета python-certifi.
Подготовка к распаковке …/06-python-certifi_2016.2.28-1_all.deb …
Распаковывается python-certifi (2016.2.28-1) …
Выбор ранее не выбранного пакета python-cffi-backend.
Подготовка к распаковке …/07-python-cffi-backend_1.9.1-2_amd64.deb …
Распаковывается python-cffi-backend (1.9.1-2) …
Выбор ранее не выбранного пакета python-pkg-resources.
Подготовка к распаковке …/08-python-pkg-resources_33.1.1-1_all.deb …
Распаковывается python-pkg-resources (33.1.1-1) …
Выбор ранее не выбранного пакета python-chardet.
Подготовка к распаковке …/09-python-chardet_3.0.4-1~bpo9+1_all.deb …
Распаковывается python-chardet (3.0.4-1~bpo9+1) …
Выбор ранее не выбранного пакета python-concurrent.futures.
Подготовка к распаковке …/10-python-concurrent.futures_3.0.5-3_all.deb …
Распаковывается python-concurrent.futures (3.0.5-3) …
Выбор ранее не выбранного пакета python-enum34.
Подготовка к распаковке …/11-python-enum34_1.1.6-1_all.deb …
Распаковывается python-enum34 (1.1.6-1) …
Выбор ранее не выбранного пакета python-idna.
Подготовка к распаковке …/12-python-idna_2.2-1_all.deb …
Распаковывается python-idna (2.2-1) …
Выбор ранее не выбранного пакета python-ipaddress.
Подготовка к распаковке …/13-python-ipaddress_1.0.17-1_all.deb …
Распаковывается python-ipaddress (1.0.17-1) …
Выбор ранее не выбранного пакета python-six.
Подготовка к распаковке …/14-python-six_1.10.0-3_all.deb …
Распаковывается python-six (1.10.0-3) …
Выбор ранее не выбранного пакета python-cryptography.
Подготовка к распаковке …/15-python-cryptography_2.3-1~bpo9+1_amd64.deb …
Распаковывается python-cryptography (2.3-1~bpo9+1) …
Выбор ранее не выбранного пакета python-dateutil.
Подготовка к распаковке …/16-python-dateutil_2.5.3-2_all.deb …
Распаковывается python-dateutil (2.5.3-2) …
Выбор ранее не выбранного пакета python-markupsafe.
Подготовка к распаковке …/17-python-markupsafe_0.23-3_amd64.deb …
Распаковывается python-markupsafe (0.23-3) …
Выбор ранее не выбранного пакета python-jinja2.
Подготовка к распаковке …/18-python-jinja2_2.8-1_all.deb …
Распаковывается python-jinja2 (2.8-1) …
Выбор ранее не выбранного пакета python-msgpack.
Подготовка к распаковке …/19-python-msgpack_0.4.8-1_amd64.deb …
Распаковывается python-msgpack (0.4.8-1) …
Выбор ранее не выбранного пакета python-openssl.
Подготовка к распаковке …/20-python-openssl_16.2.0-1_all.deb …
Распаковывается python-openssl (16.2.0-1) …
Выбор ранее не выбранного пакета python-urllib3.
Подготовка к распаковке …/21-python-urllib3_1.24.1-1~bpo9+1_all.deb …
Распаковывается python-urllib3 (1.24.1-1~bpo9+1) …
Выбор ранее не выбранного пакета python-requests.
Подготовка к распаковке …/22-python-requests_2.21.0-1~bpo9+1_all.deb …
Распаковывается python-requests (2.21.0-1~bpo9+1) …
Выбор ранее не выбранного пакета python-singledispatch.
Подготовка к распаковке …/23-python-singledispatch_3.4.0.3-2_all.deb …
Распаковывается python-singledispatch (3.4.0.3-2) …
Выбор ранее не выбранного пакета python-systemd.
Подготовка к распаковке …/24-python-systemd_233-1_amd64.deb …
Распаковывается python-systemd (233-1) …
Выбор ранее не выбранного пакета python-tornado.
Подготовка к распаковке …/25-python-tornado_4.4.3-1_amd64.deb …
Распаковывается python-tornado (4.4.3-1) …
Выбор ранее не выбранного пакета python-yaml.
Подготовка к распаковке …/26-python-yaml_3.12-1_amd64.deb …
Распаковывается python-yaml (3.12-1) …
Выбор ранее не выбранного пакета python-zmq.
Подготовка к распаковке …/27-python-zmq_16.0.2-2_amd64.deb …
Распаковывается python-zmq (16.0.2-2) …
Выбор ранее не выбранного пакета salt-common.
Подготовка к распаковке …/28-salt-common_2016.11.2+ds-1+deb9u10.1_all.deb …
Распаковывается salt-common (2016.11.2+ds-1+deb9u10.1) …
Выбор ранее не выбранного пакета salt-minion.
Подготовка к распаковке …/29-salt-minion_2016.11.2+ds-1+deb9u10.1_all.deb …
Распаковывается salt-minion (2016.11.2+ds-1+deb9u10.1) …
Настраивается пакет python-idna (2.2-1) …
Настраивается пакет libjs-jquery (3.1.1-2+deb9u2) …
Настраивается пакет python-msgpack (0.4.8-1) …
Настраивается пакет python-asn1crypto (0.24.0-1~bpo9+1) …
Настраивается пакет python-backports-abc (0.5-1) …
Настраивается пакет python-certifi (2016.2.28-1) …
Настраивается пакет libjs-sphinxdoc (1.7.9-1~bpo9+1) …
Настраивается пакет dctrl-tools (2.24-2) …
Настраивается пакет python-pkg-resources (33.1.1-1) …
Настраивается пакет python-markupsafe (0.23-3) …
Настраивается пакет python-cffi-backend (1.9.1-2) …
Настраивается пакет libyaml-0-2:amd64 (0.1.7-2) …
Настраивается пакет python-six (1.10.0-3) …
Обрабатываются триггеры для libc-bin (2.24-11+deb9u4+ci2
Обрабатываются триггеры для systemd (232-25+deb9u13astra.ce10) …
Обрабатываются триггеры для man-db (2.7.6.1-2) …
Настраивается пакет python-concurrent.futures (3.0.5-3) …
Настраивается пакет python-singledispatch (3.4.0.3-2) …
Настраивается пакет python-ipaddress (1.0.17-1) …
Настраивается пакет python-zmq (16.0.2-2) …
Настраивается пакет python-urllib3 (1.24.1-1~bpo9+1) …
Настраивается пакет python-yaml (3.12-1) …
Настраивается пакет python-chardet (3.0.4-1~bpo9+1) …
Настраивается пакет python-jinja2 (2.8-1) …
Настраивается пакет python-tornado (4.4.3-1) …
Настраивается пакет python-dateutil (2.5.3-2) …
Настраивается пакет python-cryptography (2.3-1~bpo9+1) …
Настраивается пакет python-requests (2.21.0-1~bpo9+1) …
Настраивается пакет salt-common (2016.11.2+ds-1+deb9u10.1) …
Настраивается пакет python-openssl (16.2.0-1) …
Настраивается пакет salt-minion (2016.11.2+ds-1+deb9u10.1) …
Created symlink /etc/systemd/system/multi-user.target.wants/salt-minion.service → /lib/systemd/system/salt-minion.service.
Обрабатываются триггеры для systemd (232-25+deb9u13astra.ce10) …
igogohka1338@igogohka1338:~$ sudo nano /etc/salt/minion
igogohka1338@igogohka1338:~$ sudo systemctl start salt-minion
igogohka1338@igogohka1338:~$ sudo systemctl status salt-minion
● salt-minion.service - The Salt Minion
   Loaded: loaded (/lib/systemd/system/salt-minion.service; enabled; vendor preset: enabled)
   Active: active (running) since Sat 2023-04-29 04:05:41 MSK; 7min ago
 Main PID: 2382 (salt-minion)
   CGroup: /system.slice/salt-minion.service
           ├─2382 /usr/bin/python2 /usr/bin/salt-minion
           ├─2408 /usr/bin/python2 /usr/bin/salt-minion
           └─2416 /usr/bin/python2 /usr/bin/salt-minion

апр 29 04:10:47 igogohka1338 salt-minion[2382]: [ERROR   ] DNS lookup of 'salt' failed.
апр 29 04:10:47 igogohka1338 salt-minion[2382]: [ERROR   ] Master hostname: 'salt' not found. Retrying in 30 seconds
апр 29 04:11:17 igogohka1338 salt-minion[2382]: [ERROR   ] DNS lookup of 'salt' failed.
апр 29 04:11:17 igogohka1338 salt-minion[2382]: [ERROR   ] Master hostname: 'salt' not found. Retrying in 30 seconds
апр 29 04:11:47 igogohka1338 salt-minion[2382]: [ERROR   ] DNS lookup of 'salt' failed.
апр 29 04:11:47 igogohka1338 salt-minion[2382]: [ERROR   ] Master hostname: 'salt' not found. Retrying in 30 seconds
апр 29 04:12:18 igogohka1338 salt-minion[2382]: [ERROR   ] DNS lookup of 'salt' failed.
апр 29 04:12:18 igogohka1338 salt-minion[2382]: [ERROR   ] Master hostname: 'salt' not found. Retrying in 30 seconds
апр 29 04:12:48 igogohka1338 salt-minion[2382]: [ERROR   ] DNS lookup of 'salt' failed.
апр 29 04:12:48 igogohka1338 salt-minion[2382]: [ERROR   ] Master hostname: 'salt' not found. Retrying in 30 seconds
igogohka1338@igogohka1338:~$ sudo salt-key --list all
sudo: salt-key: command not found
igogohka1338@igogohka1338:~$ sudo systemctl restart salt-minion
igogohka1338@igogohka1338:~$ sudo salt-key --list all          
sudo: salt-key: command not found
igogohka1338@igogohka1338:~$ sudo salt-call --local grains.get id
local:
    igogohka1338
igogohka1338@igogohka1338:~$ sudo salt-key --accept=igogohka1338
sudo: salt-key: command not found
igogohka1338@igogohka1338:~$ sudo salt-key --accept=<igogohka1338>
bash: синтаксическая ошибка рядом с неожиданным маркером «newline»
igogohka1338@igogohka1338:~$ sudo salt-key --accept=igogohka1338  
sudo: salt-key: command not found
igogohka1338@igogohka1338:~$ sudo-apt get update
bash: sudo-apt: команда не найдена
igogohka1338@igogohka1338:~$ sudo apt-get update  
Сущ:1 https://download.astralinux.ru/astra/stable/orel/repository orel InRelease
Чтение списков пакетов… Готово
igogohka1338@igogohka1338:~$ sudo apt-get install salt-minion
Чтение списков пакетов… Готово
Построение дерева зависимостей
Выбор ранее не выбранного пакета salt-common.
Подготовка к распаковке …/28-salt-common_2016.11.2+ds-1+deb9u10.1_all.deb …
Распаковывается salt-common (2016.11.2+ds-1+deb9u10.1) …
Выбор ранее не выбранного пакета salt-minion.
Подготовка к распаковке …/29-salt-minion_2016.11.2+ds-1+deb9u10.1_all.deb …
Распаковывается salt-minion (2016.11.2+ds-1+deb9u10.1) …
Настраивается пакет python-idna (2.2-1) …
Настраивается пакет libjs-jquery (3.1.1-2+deb9u2) …
Настраивается пакет python-msgpack (0.4.8-1) …
Настраивается пакет python-asn1crypto (0.24.0-1~bpo9+1) …
Настраивается пакет python-backports-abc (0.5-1) …
Настраивается пакет python-certifi (2016.2.28-1) …
Настраивается пакет libjs-sphinxdoc (1.7.9-1~bpo9+1) …
Настраивается пакет dctrl-tools (2.24-2) …
Настраивается пакет python-pkg-resources (33.1.1-1) …
Настраивается пакет python-markupsafe (0.23-3) …
Настраивается пакет python-cffi-backend (1.9.1-2) …
Настраивается пакет libyaml-0-2:amd64 (0.1.7-2) …
Настраивается пакет python-six (1.10.0-3) …
Обрабатываются триггеры для libc-bin (2.24-11+deb9u4+ci202206011834+astra3) …
Настраивается пакет python-systemd (233-1) …
Настраивается пакет python-enum34 (1.1.6-1) …
Обрабатываются триггеры для systemd (232-25+deb9u13astra.ce10) …
Обрабатываются триггеры для man-db (2.7.6.1-2) …
Настраивается пакет python-concurrent.futures (3.0.5-3) …
Настраивается пакет python-singledispatch (3.4.0.3-2) …
Настраивается пакет python-ipaddress (1.0.17-1) …
Настраивается пакет python-zmq (16.0.2-2) …
Настраивается пакет python-urllib3 (1.24.1-1~bpo9+1) …
Настраивается пакет python-yaml (3.12-1) …
Настраивается пакет python-chardet (3.0.4-1~bpo9+1) …
Настраивается пакет python-jinja2 (2.8-1) …
Настраивается пакет python-tornado (4.4.3-1) …
Настраивается пакет python-dateutil (2.5.3-2) …
Настраивается пакет python-cryptography (2.3-1~bpo9+1) …
Настраивается пакет python-requests (2.21.0-1~bpo9+1) …
Настраивается пакет salt-common (2016.11.2+ds-1+deb9u10.1) …
Настраивается пакет python-openssl (16.2.0-1) …
Настраивается пакет salt-minion (2016.11.2+ds-1+deb9u10.1) …
Created symlink /etc/systemd/system/multi-user.target.wants/salt-minion.service → /lib/systemd/system/salt-minion.service.
Обрабатываются триггеры для systemd (232-25+deb9u13astra.ce10) …
igogohka1338@igogohka1338:~$ sudo nano /etc/salt/minion
igogohka1338@igogohka1338:~$ sudo systemctl start salt-minion
igogohka1338@igogohka1338:~$ sudo systemctl status salt-minion
● salt-minion.service - The Salt Minion
   Loaded: loaded (/lib/systemd/system/salt-minion.service; enabled; vendor preset: enabled)
   Active: active (running) since Sat 2023-04-29 04:05:41 MSK; 7min ago
 Main PID: 2382 (salt-minion)
   CGroup: /system.slice/salt-minion.service
           ├─2382 /usr/bin/python2 /usr/bin/salt-minion
           ├─2408 /usr/bin/python2 /usr/bin/salt-minion
           └─2416 /usr/bin/python2 /usr/bin/salt-minion

апр 29 04:10:47 igogohka1338 salt-minion[2382]: [ERROR   ] DNS lookup of 'salt' failed.
апр 29 04:10:47 igogohka1338 salt-minion[2382]: [ERROR   ] Master hostname: 'salt' not found. Retrying in 30 seconds
апр 29 04:11:17 igogohka1338 salt-minion[2382]: [ERROR   ] DNS lookup of 'salt' failed.
апр 29 04:11:17 igogohka1338 salt-minion[2382]: [ERROR   ] Master hostname: 'salt' not found. Retrying in 30 seconds
апр 29 04:11:47 igogohka1338 salt-minion[2382]: [ERROR   ] DNS lookup of 'salt' failed.
апр 29 04:11:47 igogohka1338 salt-minion[2382]: [ERROR   ] Master hostname: 'salt' not found. Retrying in 30 seconds
апр 29 04:12:18 igogohka1338 salt-minion[2382]: [ERROR   ] DNS lookup of 'salt' failed.
апр 29 04:12:18 igogohka1338 salt-minion[2382]: [ERROR   ] Master hostname: 'salt' not found. Retrying in 30 seconds
апр 29 04:12:48 igogohka1338 salt-minion[2382]: [ERROR   ] DNS lookup of 'salt' failed.
апр 29 04:12:48 igogohka1338 salt-minion[2382]: [ERROR   ] Master hostname: 'salt' not found. Retrying in 30 seconds
igogohka1338@igogohka1338:~$ sudo salt-key --list all
sudo: salt-key: command not found
igogohka1338@igogohka1338:~$ sudo systemctl restart salt-minion
igogohka1338@igogohka1338:~$ s
